// Jest Snapshot v1, https://goo.gl/fbAQLP

exports[`Options Parser should emit error Parser: errors 1`] = `
Array [
  "ModuleBuildError: Module build failed (from \`replaced original path\`):
TypeError: parser is not a function",
  "ModuleError: Module Error (from \`replaced original path\`):
(Emitted value instead of an instance of Error) Loading PostCSS Parser failed: Cannot find module 'unresolve' from 'src/index.js'",
]
`;

exports[`Options Parser should emit error Parser: warnings 1`] = `Array []`;

exports[`Options Parser should work Parser - {Object}: css 1`] = `
"a {
  color: black
}
"
`;

exports[`Options Parser should work Parser - {Object}: errors 1`] = `Array []`;

exports[`Options Parser should work Parser - {Object}: warnings 1`] = `Array []`;

exports[`Options Parser should work Parser - {String}: css 1`] = `
"a {
  color: black
}
"
`;

exports[`Options Parser should work Parser - {String}: errors 1`] = `Array []`;

exports[`Options Parser should work Parser - {String}: warnings 1`] = `Array []`;
