// Jest Snapshot v1, https://goo.gl/fbAQLP

exports[`Options Plugins - {Array} 1`] = `"module.exports = \\"a { color: rgba(255, 0, 0, 1.0) }\\\\n\\""`;

exports[`Options Plugins - {Function} - {Array} 1`] = `"module.exports = \\"a { color: rgba(255, 0, 0, 1.0) }\\\\n\\""`;

exports[`Options Plugins - {Function} - {Object} 1`] = `"module.exports = \\"a { color: rgba(255, 0, 0, 1.0) }\\\\n\\""`;

exports[`Options Plugins - {Object} 1`] = `"module.exports = \\"a { color: rgba(255, 0, 0, 1.0) }\\\\n\\""`;
