// Jest Snapshot v1, https://goo.gl/fbAQLP

exports[`Postcss options should work "from", "to" and "map" postcssOptions: css 1`] = `
"a { color: black }
"
`;

exports[`Postcss options should work "from", "to" and "map" postcssOptions: errors 1`] = `Array []`;

exports[`Postcss options should work "from", "to" and "map" postcssOptions: map 1`] = `
Object {
  "file": "x",
  "mappings": "AAAA,IAAI,aAAa",
  "names": Array [],
  "sources": Array [
    "xxx",
  ],
  "sourcesContent": Array [
    "a { color: black }
",
  ],
  "version": 3,
}
`;

exports[`Postcss options should work "from", "to" and "map" postcssOptions: warnings 1`] = `Array []`;
