// Jest Snapshot v1, https://goo.gl/fbAQLP

exports[`Options Sourcemap - {Boolean} 1`] = `"module.exports = \\"a { color: rgba(255, 0, 0, 1.0) }\\\\n\\""`;

exports[`Options Sourcemap - {Boolean} 2`] = `
Object {
  "file": "../../style.css",
  "mappings": "AAAA,IAAI,2BAAY,EAAE",
  "names": Array [],
  "sources": Array [
    "../../style.css",
  ],
  "sourcesContent": Array [
    "a { color: black }
",
  ],
  "version": 3,
}
`;

exports[`Options Sourcemap - {String} 1`] = `"module.exports = \\"a { color: rgba(255, 0, 0, 1.0) }\\\\n\\\\n/*# sourceMappingURL=data:application/json;base64,eyJ2ZXJzaW9uIjozLCJzb3VyY2VzIjpbInN0eWxlLmNzcyJdLCJuYW1lcyI6W10sIm1hcHBpbmdzIjoiQUFBQSxJQUFJLDJCQUFZLEVBQUUiLCJmaWxlIjoic3R5bGUuY3NzIiwic291cmNlc0NvbnRlbnQiOlsiYSB7IGNvbG9yOiBibGFjayB9XG4iXX0= */\\""`;
