// Jest Snapshot v1, https://goo.gl/fbAQLP

exports[`Options Sourcemap - {Boolean} 1`] = `"module.exports = \\"a { color: rgba(255, 0, 0, 1.0) }\\\\n\\""`;

exports[`Options Sourcemap - {Boolean} 2`] = `
Object {
  "file": "../fixtures/css/style.css",
  "mappings": "AAAA,IAAI,4BAAa",
  "names": Array [],
  "sources": Array [
    "../fixtures/css/style.css",
  ],
  "sourcesContent": Array [
    "a { color: black }
",
  ],
  "version": 3,
}
`;

exports[`Options Sourcemap - {String} 1`] = `"module.exports = \\"a { color: rgba(255, 0, 0, 1.0) }\\\\n\\\\n/*# sourceMappingURL=data:application/json;base64,eyJ2ZXJzaW9uIjozLCJzb3VyY2VzIjpbInRlc3QvZml4dHVyZXMvY3NzL3N0eWxlLmNzcyJdLCJuYW1lcyI6W10sIm1hcHBpbmdzIjoiQUFBQSxJQUFJLDRCQUFhIiwiZmlsZSI6InRlc3QvZml4dHVyZXMvY3NzL3N0eWxlLmNzcyIsInNvdXJjZXNDb250ZW50IjpbImEgeyBjb2xvcjogYmxhY2sgfVxuIl19 */\\""`;
