// Jest Snapshot v1, https://goo.gl/fbAQLP

exports[`Errors Syntax Error 1`] = `
"SyntaxError

(1:3) Unexpected separator in property

[31m[1m>[22m[39m[90m 1 | [39ma [33m{[39m color[33m:[39m black [33m}[39m
 [90m   | [39m  [31m[1m^[22m[39m
 [90m 2 | [39m
"
`;

exports[`Errors Validation Error 1`] = `"options.sourceMap should be {String|Boolean} (https://github.com/postcss/postcss-loader#sourcemap)"`;
