// Jest Snapshot v1, https://goo.gl/fbAQLP

exports[`Errors Syntax Error 1`] = `
"Syntax Error

(1:3) Unexpected separator in property

[31m[1m>[22m[39m[90m 1 | [39ma [33m{[39m color[33m:[39m black [33m}[39m
 [90m   | [39m  [31m[1m^[22m[39m
 [90m 2 | [39m
"
`;

exports[`Errors Validation Error 1`] = `
"ValidationError: PostCSS Loader Invalid Options

options.sourceMap should be {String|Boolean} (https://github.com/postcss/postcss-loader#sourcemap)

    at validateOptions (/Users/Cini/Github/webpack/loaders/postcss/node_modules/@webpack-utilities/schema/src/validateOptions.js:25:11)
    at Object.loader (/Users/Cini/Github/webpack/loaders/postcss/src/index.js:44:3)"
`;
